
  .   ____          _            __ _ _
 /\\ / ___'_ __ _ _(_)_ __  __ _ \ \ \ \
( ( )\___ | '_ | '_| | '_ \/ _` | \ \ \ \
 \\/  ___)| |_)| | | | | || (_| |  ) ) ) )
  '  |____| .__|_| |_|_| |_\__, | / / / /
 =========|_|==============|___/=/_/_/_/

 :: Spring Boot ::                (v3.4.5)

2026-08-08T11:35:10.129+05:00  INFO 11312 --- [discovery-service] [           main] c.d.d.DiscoveryServiceApplication        : Starting DiscoveryServiceApplication v0.0.1-SNAPSHOT using Java 26.0.1 with PID 11312 (C:\Users\nagar\OneDrive\Desktop\Java_SpringBoot_Projects\DataScraperPlatform\discovery-service\target\discovery-service-0.0.1-SNAPSHOT.jar started by nagar in C:\Users\nagar\OneDrive\Desktop\Java_SpringBoot_Projects\DataScraperPlatform)
2026-08-08T11:35:10.133+05:00  INFO 11312 --- [discovery-service] [           main] c.d.d.DiscoveryServiceApplication        : The following 1 profile is active: "dev"
2026-08-08T11:35:12.612+05:00  INFO 11312 --- [discovery-service] [           main] .s.d.r.c.RepositoryConfigurationDelegate : Multiple Spring Data modules found, entering strict repository configuration mode
2026-08-08T11:35:12.615+05:00  INFO 11312 --- [discovery-service] [           main] .s.d.r.c.RepositoryConfigurationDelegate : Bootstrapping Spring Data JPA repositories in DEFAULT mode.
2026-08-08T11:35:12.920+05:00  INFO 11312 --- [discovery-service] [           main] .s.d.r.c.RepositoryConfigurationDelegate : Finished Spring Data repository scanning in 279 ms. Found 1 JPA repository interface.
2026-08-08T11:35:14.918+05:00  INFO 11312 --- [discovery-service] [           main] o.s.b.w.embedded.tomcat.TomcatWebServer  : Tomcat initialized with port 8087 (http)
2026-08-08T11:35:14.947+05:00  INFO 11312 --- [discovery-service] [           main] o.apache.catalina.core.StandardService   : Starting service [Tomcat]
2026-08-08T11:35:14.948+05:00  INFO 11312 --- [discovery-service] [           main] o.apache.catalina.core.StandardEngine    : Starting Servlet engine: [Apache Tomcat/10.1.40]
2026-08-08T11:35:15.015+05:00  INFO 11312 --- [discovery-service] [           main] o.a.c.c.C.[Tomcat].[localhost].[/]       : Initializing Spring embedded WebApplicationContext
2026-08-08T11:35:15.018+05:00  INFO 11312 --- [discovery-service] [           main] w.s.c.ServletWebServerApplicationContext : Root WebApplicationContext: initialization completed in 4781 ms
2026-08-08T11:35:16.397+05:00  INFO 11312 --- [discovery-service] [           main] com.zaxxer.hikari.HikariDataSource       : HikariPool-1 - Starting...
2026-08-08T11:35:16.834+05:00  INFO 11312 --- [discovery-service] [           main] com.zaxxer.hikari.pool.HikariPool        : HikariPool-1 - Added connection org.postgresql.jdbc.PgConnection@279c4e3b
2026-08-08T11:35:16.839+05:00  INFO 11312 --- [discovery-service] [           main] com.zaxxer.hikari.HikariDataSource       : HikariPool-1 - Start completed.
2026-08-08T11:35:16.896+05:00  INFO 11312 --- [discovery-service] [           main] org.flywaydb.core.FlywayExecutor         : Database: jdbc:postgresql://localhost:5432/discovery_db (PostgreSQL 18.4)
2026-08-08T11:35:16.923+05:00  WARN 11312 --- [discovery-service] [           main] o.f.c.internal.database.base.Database    : Flyway upgrade recommended: PostgreSQL 18.4 is newer than this version of Flyway and support has not been tested. The latest supported version of PostgreSQL is 17.
2026-08-08T11:35:17.044+05:00  INFO 11312 --- [discovery-service] [           main] o.f.core.internal.command.DbValidate     : Successfully validated 1 migration (execution time 00:00.070s)
2026-08-08T11:35:17.084+05:00  INFO 11312 --- [discovery-service] [           main] o.f.core.internal.command.DbMigrate      : Current version of schema "public": 1
2026-08-08T11:35:17.094+05:00  INFO 11312 --- [discovery-service] [           main] o.f.core.internal.command.DbMigrate      : Schema "public" is up to date. No migration necessary.
2026-08-08T11:35:17.406+05:00  INFO 11312 --- [discovery-service] [           main] o.hibernate.jpa.internal.util.LogHelper  : HHH000204: Processing PersistenceUnitInfo [name: default]
2026-08-08T11:35:17.632+05:00  INFO 11312 --- [discovery-service] [           main] org.hibernate.Version                    : HHH000412: Hibernate ORM core version 6.6.13.Final
2026-08-08T11:35:17.757+05:00  INFO 11312 --- [discovery-service] [           main] o.h.c.internal.RegionFactoryInitiator    : HHH000026: Second-level cache disabled
2026-08-08T11:35:18.733+05:00  INFO 11312 --- [discovery-service] [           main] o.s.o.j.p.SpringPersistenceUnitInfo      : No LoadTimeWeaver setup: ignoring JPA class transformer
2026-08-08T11:35:18.912+05:00  INFO 11312 --- [discovery-service] [           main] org.hibernate.orm.connections.pooling    : HHH10001005: Database info:
	Database JDBC URL [Connecting through datasource 'HikariDataSource (HikariPool-1)']
	Database driver: undefined/unknown
	Database version: 18.4
	Autocommit mode: undefined/unknown
	Isolation level: undefined/unknown
	Minimum pool size: undefined/unknown
	Maximum pool size: undefined/unknown
2026-08-08T11:35:20.445+05:00  INFO 11312 --- [discovery-service] [           main] o.h.e.t.j.p.i.JtaPlatformInitiator       : HHH000489: No JTA platform available (set 'hibernate.transaction.jta.platform' to enable JTA platform integration)
2026-08-08T11:35:20.501+05:00  INFO 11312 --- [discovery-service] [           main] j.LocalContainerEntityManagerFactoryBean : Initialized JPA EntityManagerFactory for persistence unit 'default'
2026-08-08T11:35:21.391+05:00  INFO 11312 --- [discovery-service] [           main] c.d.d.c.OrchestratorEnrichmentClient     : Enrichment HTTP dispatch pool ready: concurrency=8, queueCapacity=64
2026-08-08T11:35:23.372+05:00  INFO 11312 --- [discovery-service] [           main] o.s.b.a.e.web.EndpointLinksResolver      : Exposing 2 endpoints beneath base path '/actuator'
2026-08-08T11:35:23.540+05:00  WARN 11312 --- [discovery-service] [           main] ConfigServletWebServerApplicationContext : Exception encountered during context initialization - cancelling refresh attempt: org.springframework.context.ApplicationContextException: Failed to start bean 'webServerStartStop'
2026-08-08T11:35:23.544+05:00  INFO 11312 --- [discovery-service] [           main] j.LocalContainerEntityManagerFactoryBean : Closing JPA EntityManagerFactory for persistence unit 'default'
2026-08-08T11:35:23.548+05:00  INFO 11312 --- [discovery-service] [           main] com.zaxxer.hikari.HikariDataSource       : HikariPool-1 - Shutdown initiated...
2026-08-08T11:35:23.558+05:00  INFO 11312 --- [discovery-service] [           main] com.zaxxer.hikari.HikariDataSource       : HikariPool-1 - Shutdown completed.
2026-08-08T11:35:23.594+05:00  INFO 11312 --- [discovery-service] [           main] .s.b.a.l.ConditionEvaluationReportLogger : 

Error starting ApplicationContext. To display the condition evaluation report re-run your application with 'debug' enabled.
2026-08-08T11:35:23.618+05:00 ERROR 11312 --- [discovery-service] [           main] o.s.b.d.LoggingFailureAnalysisReporter   : 

***************************
APPLICATION FAILED TO START
***************************

Description:

Web server failed to start. Port 8087 was already in use.

Action:

Identify and stop the process that's listening on port 8087 or configure this application to listen on another port.

