
  .   ____          _            __ _ _
 /\\ / ___'_ __ _ _(_)_ __  __ _ \ \ \ \
( ( )\___ | '_ | '_| | '_ \/ _` | \ \ \ \
 \\/  ___)| |_)| | | | | || (_| |  ) ) ) )
  '  |____| .__|_| |_|_| |_\__, | / / / /
 =========|_|==============|___/=/_/_/_/

 :: Spring Boot ::                (v3.4.5)

2026-08-08T11:44:06.224+05:00  INFO 2540 --- [scraper-orchestrator] [           main] c.d.o.ScraperOrchestratorApplication     : Starting ScraperOrchestratorApplication v0.0.1-SNAPSHOT using Java 26.0.1 with PID 2540 (C:\Users\nagar\OneDrive\Desktop\Java_SpringBoot_Projects\DataScraperPlatform\scraper-orchestrator\target\scraper-orchestrator-0.0.1-SNAPSHOT.jar started by nagar in C:\Users\nagar\OneDrive\Desktop\Java_SpringBoot_Projects\DataScraperPlatform)
2026-08-08T11:44:06.238+05:00 DEBUG 2540 --- [scraper-orchestrator] [           main] c.d.o.ScraperOrchestratorApplication     : Running with Spring Boot v3.4.5, Spring v6.2.6
2026-08-08T11:44:06.242+05:00  INFO 2540 --- [scraper-orchestrator] [           main] c.d.o.ScraperOrchestratorApplication     : The following 1 profile is active: "dev"
2026-08-08T11:44:12.789+05:00  INFO 2540 --- [scraper-orchestrator] [           main] o.s.b.w.embedded.tomcat.TomcatWebServer  : Tomcat initialized with port 8085 (http)
2026-08-08T11:44:12.837+05:00  INFO 2540 --- [scraper-orchestrator] [           main] o.apache.catalina.core.StandardService   : Starting service [Tomcat]
2026-08-08T11:44:12.838+05:00  INFO 2540 --- [scraper-orchestrator] [           main] o.apache.catalina.core.StandardEngine    : Starting Servlet engine: [Apache Tomcat/10.1.40]
2026-08-08T11:44:12.944+05:00  INFO 2540 --- [scraper-orchestrator] [           main] o.a.c.c.C.[Tomcat].[localhost].[/]       : Initializing Spring embedded WebApplicationContext
2026-08-08T11:44:12.949+05:00  INFO 2540 --- [scraper-orchestrator] [           main] w.s.c.ServletWebServerApplicationContext : Root WebApplicationContext: initialization completed in 6474 ms
2026-08-08T11:44:14.806+05:00  INFO 2540 --- [scraper-orchestrator] [           main] c.d.o.s.EnrichmentConcurrencyGuard       : Enrichment concurrency guard ready: maxConcurrent=16
2026-08-08T11:44:14.846+05:00  INFO 2540 --- [scraper-orchestrator] [           main] c.d.o.queue.EnrichmentQueueConsumer      : Enrichment queue consumer ready: concurrency=8
2026-08-08T11:44:19.720+05:00  WARN 2540 --- [scraper-orchestrator] [           main] ConfigServletWebServerApplicationContext : Exception encountered during context initialization - cancelling refresh attempt: org.springframework.context.ApplicationContextException: Failed to start bean 'webServerStartStop'
2026-08-08T11:44:19.837+05:00  INFO 2540 --- [scraper-orchestrator] [           main] .s.b.a.l.ConditionEvaluationReportLogger : 

Error starting ApplicationContext. To display the condition evaluation report re-run your application with 'debug' enabled.
2026-08-08T11:44:20.024+05:00 ERROR 2540 --- [scraper-orchestrator] [           main] o.s.b.d.LoggingFailureAnalysisReporter   : 

***************************
APPLICATION FAILED TO START
***************************

Description:

Web server failed to start. Port 8085 was already in use.

Action:

Identify and stop the process that's listening on port 8085 or configure this application to listen on another port.

